Analysis & Synthesis report for Lab1_2_com
Mon Mar 30 22:34:23 2015
Quartus II 64-Bit Version 13.1.0 Build 162 10/23/2013 SJ Web Edition


---------------------
; Table of Contents ;
---------------------
  1. Legal Notice
  2. Analysis & Synthesis Summary
  3. Analysis & Synthesis Settings
  4. Parallel Compilation
  5. Analysis & Synthesis Source Files Read
  6. Analysis & Synthesis Resource Usage Summary
  7. Analysis & Synthesis Resource Utilization by Entity
  8. State Machine - |Lab1_2_com|PWM_LED:pwm_led_component|send_bit_status
  9. Registers Removed During Synthesis
 10. General Register Statistics
 11. Multiplexer Restructuring Statistics (Restructuring Performed)
 12. Elapsed Time Per Partition
 13. Analysis & Synthesis Messages



----------------
; Legal Notice ;
----------------
Copyright (C) 1991-2013 Altera Corporation
Your use of Altera Corporation's design tools, logic functions 
and other software and tools, and its AMPP partner logic 
functions, and any output files from any of the foregoing 
(including device programming or simulation files), and any 
associated documentation or information are expressly subject 
to the terms and conditions of the Altera Program License 
Subscription Agreement, Altera MegaCore Function License 
Agreement, or other applicable license agreement, including, 
without limitation, that your use is for the sole purpose of 
programming logic devices manufactured by Altera and sold by 
Altera or its authorized distributors.  Please refer to the 
applicable agreement for further details.



+---------------------------------------------------------------------------------+
; Analysis & Synthesis Summary                                                    ;
+------------------------------------+--------------------------------------------+
; Analysis & Synthesis Status        ; Successful - Mon Mar 30 22:34:23 2015      ;
; Quartus II 64-Bit Version          ; 13.1.0 Build 162 10/23/2013 SJ Web Edition ;
; Revision Name                      ; Lab1_2_com                                 ;
; Top-level Entity Name              ; Lab1_2_com                                 ;
; Family                             ; Cyclone III                                ;
; Total logic elements               ; 427                                        ;
;     Total combinational functions  ; 424                                        ;
;     Dedicated logic registers      ; 144                                        ;
; Total registers                    ; 144                                        ;
; Total pins                         ; 8                                          ;
; Total virtual pins                 ; 0                                          ;
; Total memory bits                  ; 0                                          ;
; Embedded Multiplier 9-bit elements ; 0                                          ;
; Total PLLs                         ; 0                                          ;
+------------------------------------+--------------------------------------------+


+----------------------------------------------------------------------------------------------------------------------+
; Analysis & Synthesis Settings                                                                                        ;
+----------------------------------------------------------------------------+--------------------+--------------------+
; Option                                                                     ; Setting            ; Default Value      ;
+----------------------------------------------------------------------------+--------------------+--------------------+
; Device                                                                     ; EP3C10E144C8       ;                    ;
; Top-level entity name                                                      ; Lab1_2_com         ; Lab1_2_com         ;
; Family name                                                                ; Cyclone III        ; Cyclone IV GX      ;
; Use smart compilation                                                      ; Off                ; Off                ;
; Enable parallel Assembler and TimeQuest Timing Analyzer during compilation ; On                 ; On                 ;
; Enable compact report table                                                ; Off                ; Off                ;
; Restructure Multiplexers                                                   ; Auto               ; Auto               ;
; Create Debugging Nodes for IP Cores                                        ; Off                ; Off                ;
; Preserve fewer node names                                                  ; On                 ; On                 ;
; Disable OpenCore Plus hardware evaluation                                  ; Off                ; Off                ;
; Verilog Version                                                            ; Verilog_2001       ; Verilog_2001       ;
; VHDL Version                                                               ; VHDL_1993          ; VHDL_1993          ;
; State Machine Processing                                                   ; Auto               ; Auto               ;
; Safe State Machine                                                         ; Off                ; Off                ;
; Extract Verilog State Machines                                             ; On                 ; On                 ;
; Extract VHDL State Machines                                                ; On                 ; On                 ;
; Ignore Verilog initial constructs                                          ; Off                ; Off                ;
; Iteration limit for constant Verilog loops                                 ; 5000               ; 5000               ;
; Iteration limit for non-constant Verilog loops                             ; 250                ; 250                ;
; Add Pass-Through Logic to Inferred RAMs                                    ; On                 ; On                 ;
; Infer RAMs from Raw Logic                                                  ; On                 ; On                 ;
; Parallel Synthesis                                                         ; On                 ; On                 ;
; DSP Block Balancing                                                        ; Auto               ; Auto               ;
; NOT Gate Push-Back                                                         ; On                 ; On                 ;
; Power-Up Don't Care                                                        ; On                 ; On                 ;
; Remove Redundant Logic Cells                                               ; Off                ; Off                ;
; Remove Duplicate Registers                                                 ; On                 ; On                 ;
; Ignore CARRY Buffers                                                       ; Off                ; Off                ;
; Ignore CASCADE Buffers                                                     ; Off                ; Off                ;
; Ignore GLOBAL Buffers                                                      ; Off                ; Off                ;
; Ignore ROW GLOBAL Buffers                                                  ; Off                ; Off                ;
; Ignore LCELL Buffers                                                       ; Off                ; Off                ;
; Ignore SOFT Buffers                                                        ; On                 ; On                 ;
; Limit AHDL Integers to 32 Bits                                             ; Off                ; Off                ;
; Optimization Technique                                                     ; Balanced           ; Balanced           ;
; Carry Chain Length                                                         ; 70                 ; 70                 ;
; Auto Carry Chains                                                          ; On                 ; On                 ;
; Auto Open-Drain Pins                                                       ; On                 ; On                 ;
; Perform WYSIWYG Primitive Resynthesis                                      ; Off                ; Off                ;
; Auto ROM Replacement                                                       ; On                 ; On                 ;
; Auto RAM Replacement                                                       ; On                 ; On                 ;
; Auto DSP Block Replacement                                                 ; On                 ; On                 ;
; Auto Shift Register Replacement                                            ; Auto               ; Auto               ;
; Allow Shift Register Merging across Hierarchies                            ; Auto               ; Auto               ;
; Auto Clock Enable Replacement                                              ; On                 ; On                 ;
; Strict RAM Replacement                                                     ; Off                ; Off                ;
; Allow Synchronous Control Signals                                          ; On                 ; On                 ;
; Force Use of Synchronous Clear Signals                                     ; Off                ; Off                ;
; Auto RAM Block Balancing                                                   ; On                 ; On                 ;
; Auto RAM to Logic Cell Conversion                                          ; Off                ; Off                ;
; Auto Resource Sharing                                                      ; Off                ; Off                ;
; Allow Any RAM Size For Recognition                                         ; Off                ; Off                ;
; Allow Any ROM Size For Recognition                                         ; Off                ; Off                ;
; Allow Any Shift Register Size For Recognition                              ; Off                ; Off                ;
; Use LogicLock Constraints during Resource Balancing                        ; On                 ; On                 ;
; Ignore translate_off and synthesis_off directives                          ; Off                ; Off                ;
; Timing-Driven Synthesis                                                    ; On                 ; On                 ;
; Report Parameter Settings                                                  ; On                 ; On                 ;
; Report Source Assignments                                                  ; On                 ; On                 ;
; Report Connectivity Checks                                                 ; On                 ; On                 ;
; Ignore Maximum Fan-Out Assignments                                         ; Off                ; Off                ;
; Synchronization Register Chain Length                                      ; 2                  ; 2                  ;
; PowerPlay Power Optimization                                               ; Normal compilation ; Normal compilation ;
; HDL message level                                                          ; Level2             ; Level2             ;
; Suppress Register Optimization Related Messages                            ; Off                ; Off                ;
; Number of Removed Registers Reported in Synthesis Report                   ; 5000               ; 5000               ;
; Number of Swept Nodes Reported in Synthesis Report                         ; 5000               ; 5000               ;
; Number of Inverted Registers Reported in Synthesis Report                  ; 100                ; 100                ;
; Clock MUX Protection                                                       ; On                 ; On                 ;
; Auto Gated Clock Conversion                                                ; Off                ; Off                ;
; Block Design Naming                                                        ; Auto               ; Auto               ;
; SDC constraint protection                                                  ; Off                ; Off                ;
; Synthesis Effort                                                           ; Auto               ; Auto               ;
; Shift Register Replacement - Allow Asynchronous Clear Signal               ; On                 ; On                 ;
; Pre-Mapping Resynthesis Optimization                                       ; Off                ; Off                ;
; Analysis & Synthesis Message Level                                         ; Medium             ; Medium             ;
; Disable Register Merging Across Hierarchies                                ; Auto               ; Auto               ;
; Resource Aware Inference For Block RAM                                     ; On                 ; On                 ;
; Synthesis Seed                                                             ; 1                  ; 1                  ;
+----------------------------------------------------------------------------+--------------------+--------------------+


Parallel compilation was disabled, but you have multiple processors available. Enable parallel compilation to reduce compilation time.
+-------------------------------------+
; Parallel Compilation                ;
+----------------------------+--------+
; Processors                 ; Number ;
+----------------------------+--------+
; Number detected on machine ; 8      ;
; Maximum allowed            ; 1      ;
+----------------------------+--------+


+---------------------------------------------------------------------------------------------------------------------------------------------------------------------------+
; Analysis & Synthesis Source Files Read                                                                                                                                    ;
+----------------------------------+-----------------+-----------------+------------------------------------------------------------------------------------------+---------+
; File Name with User-Entered Path ; Used in Netlist ; File Type       ; File Name with Absolute Path                                                             ; Library ;
+----------------------------------+-----------------+-----------------+------------------------------------------------------------------------------------------+---------+
; two_button_input.vhd             ; yes             ; User VHDL File  ; C:/Users/Chawatvish/Documents/GitHub/VHDL_WS2812_Multiple_Component/two_button_input.vhd ;         ;
; Lab1_2_com.vhd                   ; yes             ; User VHDL File  ; C:/Users/Chawatvish/Documents/GitHub/VHDL_WS2812_Multiple_Component/Lab1_2_com.vhd       ;         ;
; Generate_data.vhd                ; yes             ; User VHDL File  ; C:/Users/Chawatvish/Documents/GitHub/VHDL_WS2812_Multiple_Component/Generate_data.vhd    ;         ;
; PWM_LED.vhd                      ; yes             ; User VHDL File  ; C:/Users/Chawatvish/Documents/GitHub/VHDL_WS2812_Multiple_Component/PWM_LED.vhd          ;         ;
+----------------------------------+-----------------+-----------------+------------------------------------------------------------------------------------------+---------+


+---------------------------------------------------------+
; Analysis & Synthesis Resource Usage Summary             ;
+---------------------------------------------+-----------+
; Resource                                    ; Usage     ;
+---------------------------------------------+-----------+
; Estimated Total logic elements              ; 427       ;
;                                             ;           ;
; Total combinational functions               ; 424       ;
; Logic element usage by number of LUT inputs ;           ;
;     -- 4 input functions                    ; 231       ;
;     -- 3 input functions                    ; 51        ;
;     -- <=2 input functions                  ; 142       ;
;                                             ;           ;
; Logic elements by mode                      ;           ;
;     -- normal mode                          ; 300       ;
;     -- arithmetic mode                      ; 124       ;
;                                             ;           ;
; Total registers                             ; 144       ;
;     -- Dedicated logic registers            ; 144       ;
;     -- I/O registers                        ; 0         ;
;                                             ;           ;
; I/O pins                                    ; 8         ;
; Embedded Multiplier 9-bit elements          ; 0         ;
; Maximum fan-out node                        ; CLK~input ;
; Maximum fan-out                             ; 144       ;
; Total fan-out                               ; 1721      ;
; Average fan-out                             ; 2.95      ;
+---------------------------------------------+-----------+


+-----------------------------------------------------------------------------------------------------------------------------------------------------------------------------------------------------------------+
; Analysis & Synthesis Resource Utilization by Entity                                                                                                                                                             ;
+---------------------------------------+-------------------+--------------+-------------+--------------+---------+-----------+------+--------------+----------------------------------------------+--------------+
; Compilation Hierarchy Node            ; LC Combinationals ; LC Registers ; Memory Bits ; DSP Elements ; DSP 9x9 ; DSP 18x18 ; Pins ; Virtual Pins ; Full Hierarchy Name                          ; Library Name ;
+---------------------------------------+-------------------+--------------+-------------+--------------+---------+-----------+------+--------------+----------------------------------------------+--------------+
; |Lab1_2_com                           ; 424 (0)           ; 144 (0)      ; 0           ; 0            ; 0       ; 0         ; 8    ; 0            ; |Lab1_2_com                                  ; work         ;
;    |Generate_data:generate_component| ; 3 (3)             ; 3 (3)        ; 0           ; 0            ; 0       ; 0         ; 0    ; 0            ; |Lab1_2_com|Generate_data:generate_component ; work         ;
;    |PWM_LED:pwm_led_component|        ; 327 (327)         ; 105 (105)    ; 0           ; 0            ; 0       ; 0         ; 0    ; 0            ; |Lab1_2_com|PWM_LED:pwm_led_component        ; work         ;
;    |two_button_input:input_component| ; 94 (94)           ; 36 (36)      ; 0           ; 0            ; 0       ; 0         ; 0    ; 0            ; |Lab1_2_com|two_button_input:input_component ; work         ;
+---------------------------------------+-------------------+--------------+-------------+--------------+---------+-----------+------+--------------+----------------------------------------------+--------------+
Note: For table entries with two numbers listed, the numbers in parentheses indicate the number of resources of the given type used by the specific entity alone. The numbers listed outside of parentheses indicate the total resources of the given type used by the specific entity and all of its sub-entities in the hierarchy.


Encoding Type:  One-Hot
+-----------------------------------------------------------------------------------+
; State Machine - |Lab1_2_com|PWM_LED:pwm_led_component|send_bit_status             ;
+--------------------+--------------------+--------------------+--------------------+
; Name               ; send_bit_status.S2 ; send_bit_status.S1 ; send_bit_status.S0 ;
+--------------------+--------------------+--------------------+--------------------+
; send_bit_status.S0 ; 0                  ; 0                  ; 0                  ;
; send_bit_status.S1 ; 0                  ; 1                  ; 1                  ;
; send_bit_status.S2 ; 1                  ; 0                  ; 1                  ;
+--------------------+--------------------+--------------------+--------------------+


+---------------------------------------------------------------------------------------------------------------+
; Registers Removed During Synthesis                                                                            ;
+---------------------------------------------------+-----------------------------------------------------------+
; Register name                                     ; Reason for Removal                                        ;
+---------------------------------------------------+-----------------------------------------------------------+
; Generate_data:generate_component|Data_out[16..22] ; Merged with Generate_data:generate_component|Data_out[23] ;
; Generate_data:generate_component|Data_out[8..14]  ; Merged with Generate_data:generate_component|Data_out[15] ;
; Generate_data:generate_component|Data_out[0..6]   ; Merged with Generate_data:generate_component|Data_out[7]  ;
; PWM_LED:pwm_led_component|temp_color_data[16..22] ; Merged with PWM_LED:pwm_led_component|temp_color_data[23] ;
; PWM_LED:pwm_led_component|temp_color_data[8..14]  ; Merged with PWM_LED:pwm_led_component|temp_color_data[15] ;
; PWM_LED:pwm_led_component|temp_color_data[0..6]   ; Merged with PWM_LED:pwm_led_component|temp_color_data[7]  ;
; Total Number of Removed Registers = 42            ;                                                           ;
+---------------------------------------------------+-----------------------------------------------------------+


+------------------------------------------------------+
; General Register Statistics                          ;
+----------------------------------------------+-------+
; Statistic                                    ; Value ;
+----------------------------------------------+-------+
; Total registers                              ; 144   ;
; Number of registers using Synchronous Clear  ; 0     ;
; Number of registers using Synchronous Load   ; 0     ;
; Number of registers using Asynchronous Clear ; 0     ;
; Number of registers using Asynchronous Load  ; 0     ;
; Number of registers using Clock Enable       ; 69    ;
; Number of registers using Preset             ; 0     ;
+----------------------------------------------+-------+


+-------------------------------------------------------------------------------------------------------------------------------------------------------------------------------+
; Multiplexer Restructuring Statistics (Restructuring Performed)                                                                                                                ;
+--------------------+-----------+---------------+----------------------+------------------------+------------+-----------------------------------------------------------------+
; Multiplexer Inputs ; Bus Width ; Baseline Area ; Area if Restructured ; Saving if Restructured ; Registered ; Example Multiplexer Output                                      ;
+--------------------+-----------+---------------+----------------------+------------------------+------------+-----------------------------------------------------------------+
; 4:1                ; 34 bits   ; 68 LEs        ; 34 LEs               ; 34 LEs                 ; Yes        ; |Lab1_2_com|two_button_input:input_component|output_counter[30] ;
; 5:1                ; 32 bits   ; 96 LEs        ; 32 LEs               ; 64 LEs                 ; Yes        ; |Lab1_2_com|PWM_LED:pwm_led_component|count_clk[15]             ;
; 5:1                ; 32 bits   ; 96 LEs        ; 32 LEs               ; 64 LEs                 ; Yes        ; |Lab1_2_com|PWM_LED:pwm_led_component|color_bit_count[11]       ;
; 6:1                ; 32 bits   ; 128 LEs       ; 32 LEs               ; 96 LEs                 ; Yes        ; |Lab1_2_com|PWM_LED:pwm_led_component|counter_LED_sent[23]      ;
; 4:1                ; 5 bits    ; 10 LEs        ; 10 LEs               ; 0 LEs                  ; No         ; |Lab1_2_com|PWM_LED:pwm_led_component|color_bit_count           ;
; 5:1                ; 2 bits    ; 6 LEs         ; 4 LEs                ; 2 LEs                  ; No         ; |Lab1_2_com|PWM_LED:pwm_led_component|send_bit_status           ;
; 5:1                ; 27 bits   ; 81 LEs        ; 54 LEs               ; 27 LEs                 ; No         ; |Lab1_2_com|PWM_LED:pwm_led_component|color_bit_count           ;
; 6:1                ; 3 bits    ; 12 LEs        ; 3 LEs                ; 9 LEs                  ; No         ; |Lab1_2_com|PWM_LED:pwm_led_component|Selector35                ;
+--------------------+-----------+---------------+----------------------+------------------------+------------+-----------------------------------------------------------------+


+-------------------------------+
; Elapsed Time Per Partition    ;
+----------------+--------------+
; Partition Name ; Elapsed Time ;
+----------------+--------------+
; Top            ; 00:00:01     ;
+----------------+--------------+


+-------------------------------+
; Analysis & Synthesis Messages ;
+-------------------------------+
Info: *******************************************************************
Info: Running Quartus II 64-Bit Analysis & Synthesis
    Info: Version 13.1.0 Build 162 10/23/2013 SJ Web Edition
    Info: Processing started: Mon Mar 30 22:34:20 2015
Info: Command: quartus_map --read_settings_files=on --write_settings_files=off Lab1_2_com -c Lab1_2_com
Warning (20028): Parallel compilation is not licensed and has been disabled
Info (12021): Found 2 design units, including 1 entities, in source file two_button_input.vhd
    Info (12022): Found design unit 1: two_button_input-behavior
    Info (12023): Found entity 1: two_button_input
Info (12021): Found 2 design units, including 1 entities, in source file lab1_2_com.vhd
    Info (12022): Found design unit 1: Lab1_2_com-behavior
    Info (12023): Found entity 1: Lab1_2_com
Info (12021): Found 2 design units, including 1 entities, in source file tb_lab1_2_com.vhd
    Info (12022): Found design unit 1: tb_Lab1_2_com-testbench
    Info (12023): Found entity 1: tb_Lab1_2_com
Info (12021): Found 2 design units, including 1 entities, in source file generate_data.vhd
    Info (12022): Found design unit 1: Generate_data-behavior
    Info (12023): Found entity 1: Generate_data
Info (12021): Found 2 design units, including 1 entities, in source file pwm_led.vhd
    Info (12022): Found design unit 1: PWM_LED-behavior
    Info (12023): Found entity 1: PWM_LED
Info (12127): Elaborating entity "Lab1_2_com" for the top level hierarchy
Info (12128): Elaborating entity "two_button_input" for hierarchy "two_button_input:input_component"
Info (12128): Elaborating entity "Generate_data" for hierarchy "Generate_data:generate_component"
Info (12128): Elaborating entity "PWM_LED" for hierarchy "PWM_LED:pwm_led_component"
Info (286030): Timing-Driven Synthesis is running
Info (16010): Generating hard_block partition "hard_block:auto_generated_inst"
    Info (16011): Adding 0 node(s), including 0 DDIO, 0 PLL, 0 transceiver and 0 LCELL
Info (21057): Implemented 463 device resources after synthesis - the final resource count might be different
    Info (21058): Implemented 7 input pins
    Info (21059): Implemented 1 output pins
    Info (21061): Implemented 455 logic cells
Info: Quartus II 64-Bit Analysis & Synthesis was successful. 0 errors, 1 warning
    Info: Peak virtual memory: 513 megabytes
    Info: Processing ended: Mon Mar 30 22:34:23 2015
    Info: Elapsed time: 00:00:03
    Info: Total CPU time (on all processors): 00:00:03


